// Jest Snapshot v1, https://goo.gl/fbAQLP

exports[`hello world handler should say hello 1`] = `
Object {
  "default": [Function],
}
`;
